[2026-09-12T15:10:41] 开始剩余span批次：11,12,13,14,15,17,18,19,20
[2026-09-12T15:10:41] span 11: WSL stages
[2026-09-12T15:57:20] 开始剩余span批次：11,12,13,14,15,17,18,19,20
[2026-09-12T15:57:20] span 11: WSL stages
[2026-09-12T16:08:08] 开始剩余span批次：11,12,13,14,15,17,18,19,20
[2026-09-12T16:08:09] span 11: WSL stages
[2026-09-12T16:14:26] span 11 failed: WSL命令失败，退出码 1：bash ${PACKAGE_ROOT}/02_原始记录/方法脚本与公共参考/src/run_single_span.sh --span 11 --output-root ${PACKAGE_ROOT}/02_原始记录/11-20A_在线MSA批次/11A --msa-mode online --stage all
[2026-09-12T16:18:19] 开始剩余span批次：11,12,13,14,15,17,18,19,20
[2026-09-12T16:18:19] span 11: WSL stages
[2026-09-12T20:11:58] span 11 failed: WSL命令失败，退出码 1：bash ${PACKAGE_ROOT}/02_原始记录/方法脚本与公共参考/src/run_single_span.sh --span 11 --output-root ${PACKAGE_ROOT}/02_原始记录/11-20A_在线MSA批次/11A --msa-mode online --stage ranker
[2026-09-12T20:26:08] 开始剩余span批次：11,12,13,14,15,17,18,19,20
[2026-09-12T20:26:08] span 11: WSL stages
[2026-09-12T20:27:22] span 11 complete
[2026-09-12T20:27:22] span 12: WSL stages
[2026-09-12T20:50:34] span 12 failed: WSL命令失败，退出码 1：bash ${PACKAGE_ROOT}/02_原始记录/方法脚本与公共参考/src/run_single_span.sh --span 12 --output-root ${PACKAGE_ROOT}/02_原始记录/11-20A_在线MSA批次/12A --msa-mode online --stage all
[2026-09-12T21:05:06] 开始剩余span批次：11,12,13,14,15,17,18,19,20
[2026-09-12T21:05:06] span 12: WSL stages
[2026-09-12T21:46:15] 开始剩余span批次：11,12,13,14,15,17,18,19,20
[2026-09-12T21:46:15] span 12: WSL stages
[2026-09-13T00:13:24] 开始剩余span批次：11,12,13,14,15,17,18,19,20
[2026-09-13T00:13:24] span 12: WSL stages
[2026-09-13T01:45:57] span 12 complete
[2026-09-13T01:45:57] span 13: WSL stages
[2026-09-13T02:22:35] 开始剩余span批次：13,14,15,17,18,19,20
[2026-09-13T02:22:35] span 13: WSL stages
[2026-09-13T05:43:22] span 13 complete
[2026-09-13T05:43:22] span 14: WSL stages
[2026-09-13T07:15:41] span 14 complete
[2026-09-13T07:15:41] span 15: WSL stages
[2026-09-13T09:06:09] span 15 complete
[2026-09-13T09:06:17] span 17: WSL stages
[2026-09-13T10:50:36] span 17 failed: WSL命令失败，退出码 1：bash ${PACKAGE_ROOT}/02_原始记录/方法脚本与公共参考/src/run_single_span.sh --span 17 --output-root ${PACKAGE_ROOT}/02_原始记录/11-20A_在线MSA批次/17A --msa-mode online --stage all
[2026-09-13T15:23:02] 开始剩余span批次：17,18,19,20
[2026-09-13T15:23:10] span 17: WSL stages
[2026-09-13T17:11:04] span 17 complete
[2026-09-13T17:11:04] span 18: WSL stages
[2026-09-13T17:40:30] span 18 failed: WSL命令失败，退出码 1：bash ${PACKAGE_ROOT}/02_原始记录/方法脚本与公共参考/src/run_single_span.sh --span 18 --output-root ${PACKAGE_ROOT}/02_原始记录/11-20A_在线MSA批次/18A --msa-mode online --stage all
[2026-09-13T18:21:11] 开始剩余span批次：18,19,20
[2026-09-13T18:21:11] span 18: WSL stages
[2026-09-13T20:49:24] span 18 complete
[2026-09-13T20:49:24] span 19: WSL stages
[2026-09-13T23:24:34] span 19 complete
[2026-09-13T23:24:34] span 20: WSL stages
[2026-09-14T01:44:54] span 20 complete
[2026-09-14T01:45:14] 全部span完成；16A哈希一致
[2026-09-14T01:53:57] span 16 online MMseqs2 MSA + Boltz started
[2026-09-14T04:52:45] span 16 online MMseqs2 failed: WSL命令失败，退出码 1：bash ${PACKAGE_ROOT}/02_原始记录/方法脚本与公共参考/src/run_single_span.sh --span 16 --output-root ${PACKAGE_ROOT}/02_原始记录/11-20A_在线MSA批次/16A --msa-mode online --stage boltz
[2026-09-14T04:58:21] span 16 online MMseqs2 MSA + Boltz started
[2026-09-14T05:10:51] span 16 online MMseqs2 failed: 跨距离总表生成失败，退出码 1
[2026-09-14T05:19:09] span 16 online MMseqs2 complete; cross table rebuilt
