NVIDIA GeForce RTX 4070 Laptop GPU, 8188 MiB
{
  "status": "ok",
  "candidates": 19
}
NVIDIA GeForce RTX 4070 Laptop GPU, 8188 MiB
{
  "status": "ok",
  "models": 51,
  "files": [
    "baseline_GGGGSGGGGS_model0.pdb",
    "baseline_GGGGSGGGGS_model1.pdb",
    "baseline_GGGGSGGGGS_model2.pdb",
    "span16A_design_0_s01_EAAARRAAEE_model0.pdb",
    "span16A_design_0_s01_EAAARRAAEE_model1.pdb",
    "span16A_design_0_s01_EAAARRAAEE_model2.pdb",
    "span16A_design_0_s02_LKELLDALTT_model0.pdb",
    "span16A_design_0_s02_LKELLDALTT_model1.pdb",
    "span16A_design_0_s02_LKELLDALTT_model2.pdb",
    "span16A_design_0_s03_ERLLERLQNE_model0.pdb",
    "span16A_design_0_s03_ERLLERLQNE_model1.pdb",
    "span16A_design_0_s03_ERLLERLQNE_model2.pdb",
    "span16A_design_0_s05_LEKKLEEENE_model0.pdb",
    "span16A_design_0_s05_LEKKLEEENE_model1.pdb",
    "span16A_design_0_s05_LEKKLEEENE_model2.pdb",
    "span16A_design_0_s06_EKKRLEERNE_model0.pdb",
    "span16A_design_0_s06_EKKRLEERNE_model1.pdb",
    "span16A_design_0_s06_EKKRLEERNE_model2.pdb",
    "span16A_design_1_s01_SAEELRKLGK_model0.pdb",
    "span16A_design_1_s01_SAEELRKLGK_model1.pdb",
    "span16A_design_1_s01_SAEELRKLGK_model2.pdb",
    "span16A_design_1_s03_SLEELKRLGK_model0.pdb",
    "span16A_design_1_s03_SLEELKRLGK_model1.pdb",
    "span16A_design_1_s03_SLEELKRLGK_model2.pdb",
    "span16A_design_1_s04_TPEELRKLGK_model0.pdb",
    "span16A_design_1_s04_TPEELRKLGK_model1.pdb",
    "span16A_design_1_s04_TPEELRKLGK_model2.pdb",
    "span16A_design_1_s05_SPELLRKLGK_model0.pdb",
    "span16A_design_1_s05_SPELLRKLGK_model1.pdb",
    "span16A_design_1_s05_SPELLRKLGK_model2.pdb",
    "span16A_design_1_s07_SPEELRRLGK_model0.pdb",
    "span16A_design_1_s07_SPEELRRLGK_model1.pdb",
    "span16A_design_1_s07_SPEELRRLGK_model2.pdb",
    "span16A_design_1_s09_SLEELLELGK_model0.pdb",
    "span16A_design_1_s09_SLEELLELGK_model1.pdb",
    "span16A_design_1_s09_SLEELLELGK_model2.pdb",
    "span16A_design_1_s10_SPAELAKLGK_model0.pdb",
    "span16A_design_1_s10_SPAELAKLGK_model1.pdb",
    "span16A_design_1_s10_SPAELAKLGK_model2.pdb",
    "span16A_design_2_s04_KELKEELENT_model0.pdb",
    "span16A_design_2_s04_KELKEELENT_model1.pdb",
    "span16A_design_2_s04_KELKEELENT_model2.pdb",
    "span16A_design_2_s05_EELLEELEKE_model0.pdb",
    "span16A_design_2_s05_EELLEELEKE_model1.pdb",
    "span16A_design_2_s05_EELLEELEKE_model2.pdb",
    "span16A_design_2_s07_KALLERLRKE_model0.pdb",
    "span16A_design_2_s07_KALLERLRKE_model1.pdb",
    "span16A_design_2_s07_KALLERLRKE_model2.pdb",
    "span16A_design_2_s08_KKKLEDIKKN_model0.pdb",
    "span16A_design_2_s08_KKKLEDIKKN_model1.pdb",
    "span16A_design_2_s08_KKKLEDIKKN_model2.pdb"
  ]
}
Reference contacts: 61
Ranked 51 candidate(s): ${PACKAGE_ROOT}/02_原始记录/11-20A_在线MSA批次/16A/11_ranker/ranking.csv
NVIDIA GeForce RTX 4070 Laptop GPU, 8188 MiB
{
  "status": "ok",
  "span_A": 16,
  "rf_backbones": 3,
  "mpnn_requested": 30,
  "mpnn_unique": 28,
  "qc_pass_design": 19,
  "boltz_candidates": 20,
  "boltz_models": 60,
  "rmsd_pass_design": 18,
  "vina_candidates": 19,
  "vina_models": 57,
  "vina_pass_design": 16,
  "ranker_models": 51,
  "network_used_for_MSA": true,
  "msa_server": "https://api.colabfold.com",
  "boltz_inference": "local GPU",
  "scoring_weights": {
    "S_RMSD": 0.3,
    "S_contact": 0.3,
    "S_clash": 0.4
  }
}
Inspect result written to file: ${PACKAGE_ROOT}/02_原始记录/11-20A_在线MSA批次/16A\05_reports\ADAR2_SD40_16A_中文结果表.xlsx.inspect.ndjson
OUTPUT=${PACKAGE_ROOT}/02_原始记录/11-20A_在线MSA批次/16A\05_reports\ADAR2_SD40_16A_中文结果表.xlsx
SPAN16_ONLINE_MSA_FAILED 2026-09-14T05:10:51.2804883+08:00
