#################################################################
# If you used AutoDock Vina in your work, please cite:          #
#                                                               #
# O. Trott, A. J. Olson,                                        #
# AutoDock Vina: improving the speed and accuracy of docking    #
# with a new scoring function, efficient optimization and       #
# multithreading, Journal of Computational Chemistry 31 (2010)  #
# 455-461                                                       #
#                                                               #
# DOI 10.1002/jcc.21334                                         #
#                                                               #
# Please see http://vina.scripps.edu for more information.      #
#################################################################

WARNING: The search space volume > 27000 Angstrom^3 (See FAQ)
Detected 28 CPUs
Reading input ... done.
Setting up the scoring function ... done.
Analyzing the binding site ... done.
Using random seed: 1302300906
Performing search ... done.
Refining results ... done.

mode |   affinity | dist from best mode
     | (kcal/mol) | rmsd l.b.| rmsd u.b.
-----+------------+----------+----------
   1         -6.9      0.000      0.000
   2         -6.8      3.005      3.844
   3         -6.7      3.388      8.212
   4         -6.6     19.745     21.861
   5         -6.6      2.184      3.674
   6         -6.5      2.114      7.908
   7         -6.4      2.607      4.132
   8         -6.4     19.844     21.554
   9         -6.3      3.740      7.675
Writing output ... done.
